// Jest Snapshot v1, https://goo.gl/fbAQLP

exports[`Loader renders as expected 1`] = `
<div
  className="sc-AxjAm gqXgFo"
>
  <div
    className="loader"
  />
</div>
`;
