// Jest Snapshot v1, https://goo.gl/fbAQLP

exports[`Input renders as expected 1`] = `
<div
  className="sc-AxjAm tRXsT"
>
  <input
    onChange={[Function]}
    type="text"
    value=""
  />
</div>
`;
