// Jest Snapshot v1, https://goo.gl/fbAQLP

exports[`Page renders as expected 1`] = `
<div
  className="sc-AxjAm pkUjh"
>
  <p>
    Test page content
  </p>
</div>
`;
